// Jest Snapshot v1, https://goo.gl/fbAQLP

exports[`Default render 1`] = `
<div>
  <form
    onSubmit={[Function]}
  >
    <label>
      Search Query 
      <br />
      <input
        onChange={[Function]}
        type="text"
        value=""
      />
    </label>
    <input
      type="submit"
      value="Submit"
    />
  </form>
  <div>
    <a
      href="https://www.postgresql.org/docs/9.6/static/textsearch-controls.html"
    >
       Query Parser: 
    </a>
    <select
      onChange={[Function]}
      value="plain"
    >
      <option
        value="plain"
      >
        plain
      </option>
      <option
        value="phrase"
      >
        phrase
      </option>
      <option
        value="raw"
      >
        tsquery raw
      </option>
    </select>
  </div>
  <table
    className="results-table"
  >
    <tr>
      <th />
      <th
        width="80%"
      >
        Title
      </th>
      <th>
        Publication Date
      </th>
    </tr>
  </table>
</div>
`;

exports[`Render with pagination visible 1`] = `
<div>
  <form
    onSubmit={[Function]}
  >
    <label>
      Search Query 
      <br />
      <input
        onChange={[Function]}
        type="text"
        value=""
      />
    </label>
    <input
      type="submit"
      value="Submit"
    />
  </form>
  <div>
    <a
      href="https://www.postgresql.org/docs/9.6/static/textsearch-controls.html"
    >
       Query Parser: 
    </a>
    <select
      onChange={[Function]}
      value="plain"
    >
      <option
        value="plain"
      >
        plain
      </option>
      <option
        value="phrase"
      >
        phrase
      </option>
      <option
        value="raw"
      >
        tsquery raw
      </option>
    </select>
  </div>
  <table
    className="results-table"
  >
    <tr>
      <th />
      <th
        width="80%"
      >
        Title
      </th>
      <th>
        Publication Date
      </th>
    </tr>
  </table>
</div>
`;
